Archive member included to satisfy reference by file (symbol)

/usr/local/Cellar/arm-none-eabi-gcc/10.3-2021.07/gcc/bin/../lib/gcc/arm-none-eabi/10.3.1/../../../../arm-none-eabi/lib/thumb/v6-m/nofp/libc_nano.a(lib_a-exit.o)
                              /usr/local/Cellar/arm-none-eabi-gcc/10.3-2021.07/gcc/bin/../lib/gcc/arm-none-eabi/10.3.1/../../../../arm-none-eabi/lib/thumb/v6-m/nofp/crt0.o (exit)
/usr/local/Cellar/arm-none-eabi-gcc/10.3-2021.07/gcc/bin/../lib/gcc/arm-none-eabi/10.3.1/../../../../arm-none-eabi/lib/thumb/v6-m/nofp/libc_nano.a(lib_a-impure.o)
                              /usr/local/Cellar/arm-none-eabi-gcc/10.3-2021.07/gcc/bin/../lib/gcc/arm-none-eabi/10.3.1/../../../../arm-none-eabi/lib/thumb/v6-m/nofp/libc_nano.a(lib_a-exit.o) (_global_impure_ptr)
/usr/local/Cellar/arm-none-eabi-gcc/10.3-2021.07/gcc/bin/../lib/gcc/arm-none-eabi/10.3.1/../../../../arm-none-eabi/lib/thumb/v6-m/nofp/libc_nano.a(lib_a-init.o)
                              /usr/local/Cellar/arm-none-eabi-gcc/10.3-2021.07/gcc/bin/../lib/gcc/arm-none-eabi/10.3.1/../../../../arm-none-eabi/lib/thumb/v6-m/nofp/crt0.o (__libc_init_array)
/usr/local/Cellar/arm-none-eabi-gcc/10.3-2021.07/gcc/bin/../lib/gcc/arm-none-eabi/10.3.1/../../../../arm-none-eabi/lib/thumb/v6-m/nofp/libc_nano.a(lib_a-memset.o)
                              /usr/local/Cellar/arm-none-eabi-gcc/10.3-2021.07/gcc/bin/../lib/gcc/arm-none-eabi/10.3.1/../../../../arm-none-eabi/lib/thumb/v6-m/nofp/crt0.o (memset)
/usr/local/Cellar/arm-none-eabi-gcc/10.3-2021.07/gcc/bin/../lib/gcc/arm-none-eabi/10.3.1/../../../../arm-none-eabi/lib/thumb/v6-m/nofp/libnosys.a(_exit.o)
                              /usr/local/Cellar/arm-none-eabi-gcc/10.3-2021.07/gcc/bin/../lib/gcc/arm-none-eabi/10.3.1/../../../../arm-none-eabi/lib/thumb/v6-m/nofp/libc_nano.a(lib_a-exit.o) (_exit)
/usr/local/Cellar/arm-none-eabi-gcc/10.3-2021.07/gcc/bin/../lib/gcc/arm-none-eabi/10.3.1/../../../../arm-none-eabi/lib/thumb/v6-m/nofp/libc_nano.a(lib_a-memcpy-stub.o)
                              _build/nrf51822_xxaa_SEGGER_RTT.c.o (memcpy)
/usr/local/Cellar/arm-none-eabi-gcc/10.3-2021.07/gcc/bin/../lib/gcc/arm-none-eabi/10.3.1/../../../../arm-none-eabi/lib/thumb/v6-m/nofp/libc_nano.a(lib_a-strcpy.o)
                              _build/nrf51822_xxaa_SEGGER_RTT.c.o (strcpy)
/usr/local/Cellar/arm-none-eabi-gcc/10.3-2021.07/gcc/bin/../lib/gcc/arm-none-eabi/10.3.1/../../../../arm-none-eabi/lib/thumb/v6-m/nofp/libc_nano.a(lib_a-strlen.o)
                              _build/nrf51822_xxaa_SEGGER_RTT.c.o (strlen)

Discarded input sections

 .text          0x0000000000000000        0x0 /usr/local/Cellar/arm-none-eabi-gcc/10.3-2021.07/gcc/bin/../lib/gcc/arm-none-eabi/10.3.1/thumb/v6-m/nofp/crti.o
 .data          0x0000000000000000        0x0 /usr/local/Cellar/arm-none-eabi-gcc/10.3-2021.07/gcc/bin/../lib/gcc/arm-none-eabi/10.3.1/thumb/v6-m/nofp/crti.o
 .bss           0x0000000000000000        0x0 /usr/local/Cellar/arm-none-eabi-gcc/10.3-2021.07/gcc/bin/../lib/gcc/arm-none-eabi/10.3.1/thumb/v6-m/nofp/crti.o
 .data          0x0000000000000000        0x4 /usr/local/Cellar/arm-none-eabi-gcc/10.3-2021.07/gcc/bin/../lib/gcc/arm-none-eabi/10.3.1/thumb/v6-m/nofp/crtbegin.o
 .rodata        0x0000000000000000       0x24 /usr/local/Cellar/arm-none-eabi-gcc/10.3-2021.07/gcc/bin/../lib/gcc/arm-none-eabi/10.3.1/thumb/v6-m/nofp/crtbegin.o
 .data          0x0000000000000000        0x0 /usr/local/Cellar/arm-none-eabi-gcc/10.3-2021.07/gcc/bin/../lib/gcc/arm-none-eabi/10.3.1/../../../../arm-none-eabi/lib/thumb/v6-m/nofp/crt0.o
 .bss           0x0000000000000000        0x0 /usr/local/Cellar/arm-none-eabi-gcc/10.3-2021.07/gcc/bin/../lib/gcc/arm-none-eabi/10.3.1/../../../../arm-none-eabi/lib/thumb/v6-m/nofp/crt0.o
 .ARM.extab     0x0000000000000000        0x0 /usr/local/Cellar/arm-none-eabi-gcc/10.3-2021.07/gcc/bin/../lib/gcc/arm-none-eabi/10.3.1/../../../../arm-none-eabi/lib/thumb/v6-m/nofp/crt0.o
 .text          0x0000000000000000        0x0 /usr/local/Cellar/arm-none-eabi-gcc/10.3-2021.07/gcc/bin/../lib/gcc/arm-none-eabi/10.3.1/../../../../arm-none-eabi/lib/thumb/v6-m/nofp/libc_nano.a(lib_a-exit.o)
 .data          0x0000000000000000        0x0 /usr/local/Cellar/arm-none-eabi-gcc/10.3-2021.07/gcc/bin/../lib/gcc/arm-none-eabi/10.3.1/../../../../arm-none-eabi/lib/thumb/v6-m/nofp/libc_nano.a(lib_a-exit.o)
 .bss           0x0000000000000000        0x0 /usr/local/Cellar/arm-none-eabi-gcc/10.3-2021.07/gcc/bin/../lib/gcc/arm-none-eabi/10.3.1/../../../../arm-none-eabi/lib/thumb/v6-m/nofp/libc_nano.a(lib_a-exit.o)
 .text          0x0000000000000000        0x0 /usr/local/Cellar/arm-none-eabi-gcc/10.3-2021.07/gcc/bin/../lib/gcc/arm-none-eabi/10.3.1/../../../../arm-none-eabi/lib/thumb/v6-m/nofp/libc_nano.a(lib_a-impure.o)
 .data          0x0000000000000000        0x0 /usr/local/Cellar/arm-none-eabi-gcc/10.3-2021.07/gcc/bin/../lib/gcc/arm-none-eabi/10.3.1/../../../../arm-none-eabi/lib/thumb/v6-m/nofp/libc_nano.a(lib_a-impure.o)
[...]
Memory Configuration

Name             Origin             Length             Attributes
FLASH            0x0000000000000000 0x0000000000040000 xr
RAM              0x0000000020000000 0x0000000000008000 xrw
*default*        0x0000000000000000 0xffffffffffffffff

Linker script and memory map


.text           0x0000000000000000     0x1530
 *(.isr_vector)
 .isr_vector    0x0000000000000000       0xc0 _build/nrf51822_xxaa_gcc_startup_nrf51.S.o
                0x0000000000000000                __isr_vector
 *(.text*)
 .text          0x00000000000000c0       0x48 /usr/local/Cellar/arm-none-eabi-gcc/10.3-2021.07/gcc/bin/../lib/gcc/arm-none-eabi/10.3.1/thumb/v6-m/nofp/crtbegin.o
 .text          0x0000000000000108       0x80 /usr/local/Cellar/arm-none-eabi-gcc/10.3-2021.07/gcc/bin/../lib/gcc/arm-none-eabi/10.3.1/../../../../arm-none-eabi/lib/thumb/v6-m/nofp/crt0.o
                0x0000000000000108                _stack_init
                0x0000000000000114                _mainCRTStartup
                0x0000000000000114                _start
 .text.exit     0x0000000000000188       0x2c /usr/local/Cellar/arm-none-eabi-gcc/10.3-2021.07/gcc/bin/../lib/gcc/arm-none-eabi/10.3.1/../../../../arm-none-eabi/lib/thumb/v6-m/nofp/libc_nano.a(lib_a-exit.o)
                0x0000000000000188                exit
 .text.__libc_init_array
                0x00000000000001b4       0x48 /usr/local/Cellar/arm-none-eabi-gcc/10.3-2021.07/gcc/bin/../lib/gcc/arm-none-eabi/10.3.1/../../../../arm-none-eabi/lib/thumb/v6-m/nofp/libc_nano.a(lib_a-init.o)
                0x00000000000001b4                __libc_init_array
 .text.memset   0x00000000000001fc       0x10 /usr/local/Cellar/arm-none-eabi-gcc/10.3-2021.07/gcc/bin/../lib/gcc/arm-none-eabi/10.3.1/../../../../arm-none-eabi/lib/thumb/v6-m/nofp/libc_nano.a(lib_a-memset.o)
                0x00000000000001fc                memset
 .text._exit    0x000000000000020c        0x4 /usr/local/Cellar/arm-none-eabi-gcc/10.3-2021.07/gcc/bin/../lib/gcc/arm-none-eabi/10.3.1/../../../../arm-none-eabi/lib/thumb/v6-m/nofp/libnosys.a(_exit.o)
                0x000000000000020c                _exit
 .text.app_error_handler_bare
                0x0000000000000210       0x20 _build/nrf51822_xxaa_app_error.c.o
                0x0000000000000210                app_error_handler_bare
 .text.app_error_fault_handler
                0x0000000000000230       0x1c _build/nrf51822_xxaa_app_error_weak.c.o
                0x0000000000000230                app_error_fault_handler
 .text.bsp_board_leds_off
                0x000000000000024c       0x24 _build/nrf51822_xxaa_boards.c.o
                0x000000000000024c                bsp_board_leds_off
 .text.bsp_board_leds_init
                0x0000000000000270       0x3c _build/nrf51822_xxaa_boards.c.o
                0x0000000000000270                bsp_board_leds_init
 .text.UART0_IRQHandler
                0x00000000000002ac      0x18c _build/nrf51822_xxaa_nrf_drv_uart.c.o
                0x00000000000002ac                UART0_IRQHandler
 .text.nrf_esb_event_handler
                0x0000000000000438      0x120 _build/nrf51822_xxaa_main.c.o
                0x0000000000000438                nrf_esb_event_handler
 .text.system_off
                0x0000000000000558       0x20 _build/nrf51822_xxaa_main.c.o
                0x0000000000000558                system_off
 .text.esb_init
                0x0000000000000578       0x78 _build/nrf51822_xxaa_main.c.o
                0x0000000000000578                esb_init
 .text.gpio_check_and_esb_tx
                0x00000000000005f0       0xa4 _build/nrf51822_xxaa_main.c.o
                0x00000000000005f0                gpio_check_and_esb_tx
 .text.gpio_init
                0x0000000000000694       0x58 _build/nrf51822_xxaa_main.c.o
                0x0000000000000694                gpio_init
 .text.startup.main
                0x00000000000006ec       0xb0 _build/nrf51822_xxaa_main.c.o
                0x00000000000006ec                main
 .text.update_rf_payload_format_esb_dpl
                0x000000000000079c       0x30 _build/nrf51822_xxaa_nrf_esb.c.o
 .text.update_rf_payload_format_esb
                0x00000000000007cc       0x38 _build/nrf51822_xxaa_nrf_esb.c.o
 .text.on_radio_disabled_tx
                0x0000000000000804       0xa0 _build/nrf51822_xxaa_nrf_esb.c.o
 .text.start_tx_transaction
                0x00000000000008a4      0x160 _build/nrf51822_xxaa_nrf_esb.c.o
 .text.on_radio_disabled_tx_noack
                0x0000000000000a04       0x6c _build/nrf51822_xxaa_nrf_esb.c.o
 .text.rx_fifo_push_rfbuf
                0x0000000000000a70       0x88 _build/nrf51822_xxaa_nrf_esb.c.o
 .text.on_radio_disabled_tx_wait_for_ack
                0x0000000000000af8      0x1ac _build/nrf51822_xxaa_nrf_esb.c.o
 .text.RADIO_IRQHandler
                0x0000000000000ca4       0x68 _build/nrf51822_xxaa_nrf_esb.c.o
                0x0000000000000ca4                RADIO_IRQHandler
 .text.nrf_esb_init
                0x0000000000000d0c      0x2e8 _build/nrf51822_xxaa_nrf_esb.c.o
                0x0000000000000d0c                nrf_esb_init
 .text.SWI0_IRQHandler
                0x0000000000000ff4       0x70 _build/nrf51822_xxaa_nrf_esb.c.o
                0x0000000000000ff4                SWI0_IRQHandler
 .text.nrf_esb_write_payload
                0x0000000000001064       0xd0 _build/nrf51822_xxaa_nrf_esb.c.o
                0x0000000000001064                nrf_esb_write_payload
 .text.nrf_esb_read_rx_payload
                0x0000000000001134       0x74 _build/nrf51822_xxaa_nrf_esb.c.o
                0x0000000000001134                nrf_esb_read_rx_payload
 .text.nrf_esb_flush_tx
                0x00000000000011a8       0x30 _build/nrf51822_xxaa_nrf_esb.c.o
                0x00000000000011a8                nrf_esb_flush_tx
 .text.nrf_esb_set_base_address_0
                0x00000000000011d8       0x84 _build/nrf51822_xxaa_nrf_esb.c.o
                0x00000000000011d8                nrf_esb_set_base_address_0
 .text.nrf_esb_set_base_address_1
                0x000000000000125c       0x80 _build/nrf51822_xxaa_nrf_esb.c.o
                0x000000000000125c                nrf_esb_set_base_address_1
 .text.nrf_esb_set_prefixes
                0x00000000000012dc       0xd0 _build/nrf51822_xxaa_nrf_esb.c.o
                0x00000000000012dc                nrf_esb_set_prefixes
 .text          0x00000000000013ac       0x4c _build/nrf51822_xxaa_gcc_startup_nrf51.S.o
                0x00000000000013ac                Reset_Handler
                0x00000000000013ec                NMI_Handler
                0x00000000000013ee                HardFault_Handler
                0x00000000000013f0                SVC_Handler
                0x00000000000013f2                PendSV_Handler
                0x00000000000013f4                SysTick_Handler
                0x00000000000013f6                SWI4_IRQHandler
                0x00000000000013f6                TEMP_IRQHandler
                0x00000000000013f6                QDEC_IRQHandler
                0x00000000000013f6                SWI5_IRQHandler
                0x00000000000013f6                TIMER0_IRQHandler
                0x00000000000013f6                TIMER1_IRQHandler
                0x00000000000013f6                ECB_IRQHandler
                0x00000000000013f6                Default_Handler
                0x00000000000013f6                ADC_IRQHandler
                0x00000000000013f6                SWI3_IRQHandler
                0x00000000000013f6                CCM_AAR_IRQHandler
                0x00000000000013f6                WDT_IRQHandler
                0x00000000000013f6                SWI2_IRQHandler
                0x00000000000013f6                RNG_IRQHandler
                0x00000000000013f6                SPI1_TWI1_IRQHandler
                0x00000000000013f6                RTC1_IRQHandler
                0x00000000000013f6                TIMER2_IRQHandler
                0x00000000000013f6                SWI1_IRQHandler
                0x00000000000013f6                SPI0_TWI0_IRQHandler
                0x00000000000013f6                RTC0_IRQHandler
                0x00000000000013f6                GPIOTE_IRQHandler
                0x00000000000013f6                POWER_CLOCK_IRQHandler
                0x00000000000013f6                LPCOMP_IRQHandler
 .text.SystemInit
                0x00000000000013f8       0xe0 _build/nrf51822_xxaa_system_nrf51.c.o
                0x00000000000013f8                SystemInit
 .text.memcpy   0x00000000000014d8       0x12 /usr/local/Cellar/arm-none-eabi-gcc/10.3-2021.07/gcc/bin/../lib/gcc/arm-none-eabi/10.3.1/../../../../arm-none-eabi/lib/thumb/v6-m/nofp/libc_nano.a(lib_a-memcpy-stub.o)
                0x00000000000014d8                memcpy
 *(.init)
 *fill*         0x00000000000014ea        0x2 
 .init          0x00000000000014ec        0x4 /usr/local/Cellar/arm-none-eabi-gcc/10.3-2021.07/gcc/bin/../lib/gcc/arm-none-eabi/10.3.1/thumb/v6-m/nofp/crti.o
                0x00000000000014ec                _init
 .init          0x00000000000014f0        0x8 /usr/local/Cellar/arm-none-eabi-gcc/10.3-2021.07/gcc/bin/../lib/gcc/arm-none-eabi/10.3.1/thumb/v6-m/nofp/crtn.o
 *(.fini)
 .fini          0x00000000000014f8        0x4 /usr/local/Cellar/arm-none-eabi-gcc/10.3-2021.07/gcc/bin/../lib/gcc/arm-none-eabi/10.3.1/thumb/v6-m/nofp/crti.o
                0x00000000000014f8                _fini
 .fini          0x00000000000014fc        0x8 /usr/local/Cellar/arm-none-eabi-gcc/10.3-2021.07/gcc/bin/../lib/gcc/arm-none-eabi/10.3.1/thumb/v6-m/nofp/crtn.o
 *crtbegin.o(.ctors)
 *crtbegin?.o(.ctors)
 *(EXCLUDE_FILE(*crtend.o *crtend?.o) .ctors)
 *(SORT_BY_NAME(.ctors.*))
 *(.ctors)
 *crtbegin.o(.dtors)
 *crtbegin?.o(.dtors)
 *(EXCLUDE_FILE(*crtend.o *crtend?.o) .dtors)
 *(SORT_BY_NAME(.dtors.*))
 *(.dtors)
 *(.rodata*)
 .rodata._global_impure_ptr
                0x0000000000001504        0x4 /usr/local/Cellar/arm-none-eabi-gcc/10.3-2021.07/gcc/bin/../lib/gcc/arm-none-eabi/10.3.1/../../../../arm-none-eabi/lib/thumb/v6-m/nofp/libc_nano.a(lib_a-impure.o)
                0x0000000000001504                _global_impure_ptr
 .rodata.esb_init.str1.4
                0x0000000000001508        0x9 _build/nrf51822_xxaa_main.c.o
 *fill*         0x0000000000001511        0x3 
 .rodata        0x0000000000001514       0x18 _build/nrf51822_xxaa_main.c.o
 *(.eh_frame*)
 .eh_frame      0x000000000000152c        0x0 /usr/local/Cellar/arm-none-eabi-gcc/10.3-2021.07/gcc/bin/../lib/gcc/arm-none-eabi/10.3.1/thumb/v6-m/nofp/crtbegin.o
 .eh_frame      0x000000000000152c        0x4 /usr/local/Cellar/arm-none-eabi-gcc/10.3-2021.07/gcc/bin/../lib/gcc/arm-none-eabi/10.3.1/thumb/v6-m/nofp/crtend.o

.glue_7         0x0000000000001530        0x0
 .glue_7        0x0000000000001530        0x0 linker stubs

.glue_7t        0x0000000000001530        0x0
 .glue_7t       0x0000000000001530        0x0 linker stubs

.vfp11_veneer   0x0000000000001530        0x0
 .vfp11_veneer  0x0000000000001530        0x0 linker stubs

.v4_bx          0x0000000000001530        0x0
 .v4_bx         0x0000000000001530        0x0 linker stubs

.iplt           0x0000000000001530        0x0
 .iplt          0x0000000000001530        0x0 /usr/local/Cellar/arm-none-eabi-gcc/10.3-2021.07/gcc/bin/../lib/gcc/arm-none-eabi/10.3.1/thumb/v6-m/nofp/crtbegin.o

.ARM.extab
 *(.ARM.extab* .gnu.linkonce.armextab.*)
                0x0000000000001530                __exidx_start = .

.ARM.exidx      0x0000000000001530        0x8
 *(.ARM.exidx* .gnu.linkonce.armexidx.*)
 .ARM.exidx     0x0000000000001530        0x8 /usr/local/Cellar/arm-none-eabi-gcc/10.3-2021.07/gcc/bin/../lib/gcc/arm-none-eabi/10.3.1/../../../../arm-none-eabi/lib/thumb/v6-m/nofp/crt0.o
                                         0x10 (size before relaxing)
                0x0000000000001538                __exidx_end = .
                0x0000000000001538                __etext = .

.rel.dyn        0x0000000000001538        0x0
 .rel.iplt      0x0000000000001538        0x0 /usr/local/Cellar/arm-none-eabi-gcc/10.3-2021.07/gcc/bin/../lib/gcc/arm-none-eabi/10.3.1/thumb/v6-m/nofp/crtbegin.o

.data           0x0000000020000000       0xa8 load address 0x0000000000001538
                0x0000000020000000                __data_start__ = .
 *(vtable)
 *(.data*)
 .data.impure_data
                0x0000000020000000       0x60 /usr/local/Cellar/arm-none-eabi-gcc/10.3-2021.07/gcc/bin/../lib/gcc/arm-none-eabi/10.3.1/../../../../arm-none-eabi/lib/thumb/v6-m/nofp/libc_nano.a(lib_a-impure.o)
 .data.tx_payload
                0x0000000020000060       0x25 _build/nrf51822_xxaa_main.c.o
 *fill*         0x0000000020000085        0x3 
 .data.m_esb_addr
                0x0000000020000088       0x14 _build/nrf51822_xxaa_nrf_esb.c.o
 .data.SystemCoreClock
                0x000000002000009c        0x4 _build/nrf51822_xxaa_system_nrf51.c.o
                0x000000002000009c                SystemCoreClock
                0x00000000200000a0                . = ALIGN (0x4)
                0x00000000200000a0                PROVIDE (__preinit_array_start = .)
 *(.preinit_array)
                0x00000000200000a0                PROVIDE (__preinit_array_end = .)
                0x00000000200000a0                . = ALIGN (0x4)
                0x00000000200000a0                PROVIDE (__init_array_start = .)
 *(SORT_BY_NAME(.init_array.*))
 *(.init_array)
 .init_array    0x00000000200000a0        0x4 /usr/local/Cellar/arm-none-eabi-gcc/10.3-2021.07/gcc/bin/../lib/gcc/arm-none-eabi/10.3.1/thumb/v6-m/nofp/crtbegin.o
                0x00000000200000a4                PROVIDE (__init_array_end = .)
                0x00000000200000a4                . = ALIGN (0x4)
                [!provide]                        PROVIDE (__fini_array_start = .)
 *(SORT_BY_NAME(.fini_array.*))
 *(.fini_array)
 .fini_array    0x00000000200000a4        0x4 /usr/local/Cellar/arm-none-eabi-gcc/10.3-2021.07/gcc/bin/../lib/gcc/arm-none-eabi/10.3.1/thumb/v6-m/nofp/crtbegin.o
                [!provide]                        PROVIDE (__fini_array_end = .)
 *(.jcr*)
                0x00000000200000a8                . = ALIGN (0x4)
                0x00000000200000a8                __data_end__ = .
LOAD /usr/local/Cellar/arm-none-eabi-gcc/10.3-2021.07/gcc/bin/../lib/gcc/arm-none-eabi/10.3.1/thumb/v6-m/nofp/crti.o
LOAD /usr/local/Cellar/arm-none-eabi-gcc/10.3-2021.07/gcc/bin/../lib/gcc/arm-none-eabi/10.3.1/thumb/v6-m/nofp/crtbegin.o
LOAD /usr/local/Cellar/arm-none-eabi-gcc/10.3-2021.07/gcc/bin/../lib/gcc/arm-none-eabi/10.3.1/../../../../arm-none-eabi/lib/thumb/v6-m/nofp/crt0.o
LOAD /usr/local/Cellar/arm-none-eabi-gcc/10.3-2021.07/gcc/bin/../lib/gcc/arm-none-eabi/10.3.1/../../../../arm-none-eabi/lib/thumb/v6-m/nofp/libc_nano.a
LOAD /usr/local/Cellar/arm-none-eabi-gcc/10.3-2021.07/gcc/bin/../lib/gcc/arm-none-eabi/10.3.1/../../../../arm-none-eabi/lib/thumb/v6-m/nofp/libnosys.a
LOAD _build/nrf51822_xxaa_nrf_log_backend_serial.c.o
LOAD _build/nrf51822_xxaa_nrf_log_frontend.c.o
LOAD _build/nrf51822_xxaa_app_error.c.o
LOAD _build/nrf51822_xxaa_app_error_weak.c.o
LOAD _build/nrf51822_xxaa_app_util_platform.c.o
LOAD _build/nrf51822_xxaa_nrf_assert.c.o
LOAD _build/nrf51822_xxaa_sdk_errors.c.o
LOAD _build/nrf51822_xxaa_boards.c.o
LOAD _build/nrf51822_xxaa_nrf_drv_common.c.o
LOAD _build/nrf51822_xxaa_nrf_drv_uart.c.o
LOAD _build/nrf51822_xxaa_main.c.o
LOAD _build/nrf51822_xxaa_RTT_Syscalls_GCC.c.o
LOAD _build/nrf51822_xxaa_SEGGER_RTT.c.o
LOAD _build/nrf51822_xxaa_SEGGER_RTT_printf.c.o
LOAD _build/nrf51822_xxaa_nrf_esb.c.o
LOAD _build/nrf51822_xxaa_gcc_startup_nrf51.S.o
LOAD _build/nrf51822_xxaa_system_nrf51.c.o
LOAD /usr/local/Cellar/arm-none-eabi-gcc/10.3-2021.07/gcc/bin/../lib/gcc/arm-none-eabi/10.3.1/../../../../arm-none-eabi/lib/thumb/v6-m/nofp/libm.a
START GROUP
LOAD /usr/local/Cellar/arm-none-eabi-gcc/10.3-2021.07/gcc/bin/../lib/gcc/arm-none-eabi/10.3.1/thumb/v6-m/nofp/libgcc.a
LOAD /usr/local/Cellar/arm-none-eabi-gcc/10.3-2021.07/gcc/bin/../lib/gcc/arm-none-eabi/10.3.1/../../../../arm-none-eabi/lib/thumb/v6-m/nofp/libc_nano.a
END GROUP
START GROUP
LOAD /usr/local/Cellar/arm-none-eabi-gcc/10.3-2021.07/gcc/bin/../lib/gcc/arm-none-eabi/10.3.1/thumb/v6-m/nofp/libgcc.a
LOAD /usr/local/Cellar/arm-none-eabi-gcc/10.3-2021.07/gcc/bin/../lib/gcc/arm-none-eabi/10.3.1/../../../../arm-none-eabi/lib/thumb/v6-m/nofp/libc_nano.a
END GROUP
LOAD /usr/local/Cellar/arm-none-eabi-gcc/10.3-2021.07/gcc/bin/../lib/gcc/arm-none-eabi/10.3.1/thumb/v6-m/nofp/crtend.o
LOAD /usr/local/Cellar/arm-none-eabi-gcc/10.3-2021.07/gcc/bin/../lib/gcc/arm-none-eabi/10.3.1/thumb/v6-m/nofp/crtn.o
START GROUP
LOAD /usr/local/Cellar/arm-none-eabi-gcc/10.3-2021.07/gcc/bin/../lib/gcc/arm-none-eabi/10.3.1/thumb/v6-m/nofp/libgcc.a
LOAD /usr/local/Cellar/arm-none-eabi-gcc/10.3-2021.07/gcc/bin/../lib/gcc/arm-none-eabi/10.3.1/../../../../arm-none-eabi/lib/thumb/v6-m/nofp/libc.a
LOAD /usr/local/Cellar/arm-none-eabi-gcc/10.3-2021.07/gcc/bin/../lib/gcc/arm-none-eabi/10.3.1/../../../../arm-none-eabi/lib/thumb/v6-m/nofp/libnosys.a
END GROUP

.igot.plt       0x00000000200000a8        0x0 load address 0x00000000000015e0
 .igot.plt      0x00000000200000a8        0x0 /usr/local/Cellar/arm-none-eabi-gcc/10.3-2021.07/gcc/bin/../lib/gcc/arm-none-eabi/10.3.1/thumb/v6-m/nofp/crtbegin.o

.fs_data        0x00000000200000a8        0x0
                [!provide]                        PROVIDE (__start_fs_data = .)
 *(.fs_data)
                [!provide]                        PROVIDE (__stop_fs_data = .)

.pwr_mgmt_data  0x00000000200000a8        0x0
                [!provide]                        PROVIDE (__start_pwr_mgmt_data = .)
 *(.pwr_mgmt_data)
                [!provide]                        PROVIDE (__stop_pwr_mgmt_data = .)

.bss            0x00000000200000a8      0x3d4 load address 0x00000000000015e0
                0x00000000200000a8                . = ALIGN (0x4)
                0x00000000200000a8                __bss_start__ = .
 *(.bss*)
 .bss           0x00000000200000a8       0x1c /usr/local/Cellar/arm-none-eabi-gcc/10.3-2021.07/gcc/bin/../lib/gcc/arm-none-eabi/10.3.1/thumb/v6-m/nofp/crtbegin.o
 .bss.m_cb      0x00000000200000c4       0x1c _build/nrf51822_xxaa_nrf_drv_uart.c.o
 .bss.button_state_1
                0x00000000200000e0        0x4 _build/nrf51822_xxaa_main.c.o
 .bss.button_state_2
                0x00000000200000e4        0x4 _build/nrf51822_xxaa_main.c.o
 .bss.button_state_3
                0x00000000200000e8        0x4 _build/nrf51822_xxaa_main.c.o
 .bss.button_state_4
                0x00000000200000ec        0x4 _build/nrf51822_xxaa_main.c.o
 .bss.esb_completed
                0x00000000200000f0        0x1 _build/nrf51822_xxaa_main.c.o
 *fill*         0x00000000200000f1        0x3 
 .bss.rx_payload
                0x00000000200000f4       0x25 _build/nrf51822_xxaa_main.c.o
 *fill*         0x0000000020000119        0x3 
 .bss.m_config_local
                0x000000002000011c       0x18 _build/nrf51822_xxaa_nrf_esb.c.o
 .bss.m_esb_initialized
                0x0000000020000134        0x1 _build/nrf51822_xxaa_nrf_esb.c.o
 *fill*         0x0000000020000135        0x3 
 .bss.m_event_handler
                0x0000000020000138        0x4 _build/nrf51822_xxaa_nrf_esb.c.o
 .bss.m_interrupt_flags
                0x000000002000013c        0x4 _build/nrf51822_xxaa_nrf_esb.c.o
 .bss.m_last_tx_attempts
                0x0000000020000140        0x4 _build/nrf51822_xxaa_nrf_esb.c.o
 .bss.m_nrf_esb_mainstate
                0x0000000020000144        0x1 _build/nrf51822_xxaa_nrf_esb.c.o
 *fill*         0x0000000020000145        0x3 
 .bss.m_pids    0x0000000020000148        0x9 _build/nrf51822_xxaa_nrf_esb.c.o
 *fill*         0x0000000020000151        0x3 
 .bss.m_retransmits_remaining
                0x0000000020000154        0x4 _build/nrf51822_xxaa_nrf_esb.c.o
 .bss.m_rx_fifo
                0x0000000020000158       0x2c _build/nrf51822_xxaa_nrf_esb.c.o
 .bss.m_rx_fifo_payload
                0x0000000020000184      0x128 _build/nrf51822_xxaa_nrf_esb.c.o
 .bss.m_rx_payload_buffer
                0x00000000200002ac       0x22 _build/nrf51822_xxaa_nrf_esb.c.o
 *fill*         0x00000000200002ce        0x2 
 .bss.m_rx_pipe_info
                0x00000000200002d0       0x24 _build/nrf51822_xxaa_nrf_esb.c.o
 .bss.m_tx_fifo
                0x00000000200002f4       0x2c _build/nrf51822_xxaa_nrf_esb.c.o
 .bss.m_tx_fifo_payload
                0x0000000020000320      0x128 _build/nrf51822_xxaa_nrf_esb.c.o
 .bss.m_tx_payload_buffer
                0x0000000020000448       0x22 _build/nrf51822_xxaa_nrf_esb.c.o
 *fill*         0x000000002000046a        0x2 
 .bss.m_wait_for_ack_timeout_us
                0x000000002000046c        0x4 _build/nrf51822_xxaa_nrf_esb.c.o
 .bss.mp_current_payload
                0x0000000020000470        0x4 _build/nrf51822_xxaa_nrf_esb.c.o
 .bss.on_radio_disabled
                0x0000000020000474        0x4 _build/nrf51822_xxaa_nrf_esb.c.o
 .bss.update_rf_payload_format
                0x0000000020000478        0x4 _build/nrf51822_xxaa_nrf_esb.c.o
 *(COMMON)
                0x000000002000047c                . = ALIGN (0x4)
                0x000000002000047c                __bss_end__ = .

.heap           0x0000000020000480      0x800
                0x0000000020000480                __HeapBase = .
                0x0000000020000480                __end__ = .
                [!provide]                        PROVIDE (end = .)
 *(.heap*)
 .heap          0x0000000020000480      0x800 _build/nrf51822_xxaa_gcc_startup_nrf51.S.o
                0x0000000020000c80                __HeapLimit = .

.stack_dummy    0x0000000020000480      0x800
 *(.stack*)
 .stack         0x0000000020000480      0x800 _build/nrf51822_xxaa_gcc_startup_nrf51.S.o
                0x0000000020008000                __StackTop = (ORIGIN (RAM) + LENGTH (RAM))
                0x0000000020007800                __StackLimit = (__StackTop - SIZEOF (.stack_dummy))
                0x0000000020008000                PROVIDE (__stack = __StackTop)
                0x0000000000000001                ASSERT ((__StackLimit >= __HeapLimit), region RAM overflowed with stack)
OUTPUT(_build/nrf51822_xxaa.out elf32-littlearm)
LOAD linker stubs

.ARM.attributes
                0x0000000000000000       0x28
 .ARM.attributes
                0x0000000000000000       0x1e /usr/local/Cellar/arm-none-eabi-gcc/10.3-2021.07/gcc/bin/../lib/gcc/arm-none-eabi/10.3.1/thumb/v6-m/nofp/crti.o
 .ARM.attributes
                0x000000000000001e       0x2c /usr/local/Cellar/arm-none-eabi-gcc/10.3-2021.07/gcc/bin/../lib/gcc/arm-none-eabi/10.3.1/thumb/v6-m/nofp/crtbegin.o
 .ARM.attributes
                0x000000000000004a       0x1b /usr/local/Cellar/arm-none-eabi-gcc/10.3-2021.07/gcc/bin/../lib/gcc/arm-none-eabi/10.3.1/../../../../arm-none-eabi/lib/thumb/v6-m/nofp/crt0.o
 .ARM.attributes
                0x0000000000000065       0x2c /usr/local/Cellar/arm-none-eabi-gcc/10.3-2021.07/gcc/bin/../lib/gcc/arm-none-eabi/10.3.1/../../../../arm-none-eabi/lib/thumb/v6-m/nofp/libc_nano.a(lib_a-exit.o)
 .ARM.attributes
                0x0000000000000091       0x2c /usr/local/Cellar/arm-none-eabi-gcc/10.3-2021.07/gcc/bin/../lib/gcc/arm-none-eabi/10.3.1/../../../../arm-none-eabi/lib/thumb/v6-m/nofp/libc_nano.a(lib_a-impure.o)
 .ARM.attributes
                0x00000000000000bd       0x2c /usr/local/Cellar/arm-none-eabi-gcc/10.3-2021.07/gcc/bin/../lib/gcc/arm-none-eabi/10.3.1/../../../../arm-none-eabi/lib/thumb/v6-m/nofp/libc_nano.a(lib_a-init.o)
 .ARM.attributes
                0x00000000000000e9       0x2c /usr/local/Cellar/arm-none-eabi-gcc/10.3-2021.07/gcc/bin/../lib/gcc/arm-none-eabi/10.3.1/../../../../arm-none-eabi/lib/thumb/v6-m/nofp/libc_nano.a(lib_a-memset.o)
 .ARM.attributes
                0x0000000000000115       0x2c /usr/local/Cellar/arm-none-eabi-gcc/10.3-2021.07/gcc/bin/../lib/gcc/arm-none-eabi/10.3.1/../../../../arm-none-eabi/lib/thumb/v6-m/nofp/libnosys.a(_exit.o)
 .ARM.attributes
                0x0000000000000141       0x2c _build/nrf51822_xxaa_app_error.c.o
 .ARM.attributes
                0x000000000000016d       0x2c _build/nrf51822_xxaa_app_error_weak.c.o
 .ARM.attributes
                0x0000000000000199       0x2c _build/nrf51822_xxaa_boards.c.o
 .ARM.attributes
                0x00000000000001c5       0x2c _build/nrf51822_xxaa_nrf_drv_uart.c.o
 .ARM.attributes
                0x00000000000001f1       0x2c _build/nrf51822_xxaa_main.c.o
 .ARM.attributes
                0x000000000000021d       0x2c _build/nrf51822_xxaa_nrf_esb.c.o
 .ARM.attributes
                0x0000000000000249       0x1b _build/nrf51822_xxaa_gcc_startup_nrf51.S.o
 .ARM.attributes
                0x0000000000000264       0x2c _build/nrf51822_xxaa_system_nrf51.c.o
 .ARM.attributes
                0x0000000000000290       0x2c /usr/local/Cellar/arm-none-eabi-gcc/10.3-2021.07/gcc/bin/../lib/gcc/arm-none-eabi/10.3.1/../../../../arm-none-eabi/lib/thumb/v6-m/nofp/libc_nano.a(lib_a-memcpy-stub.o)
 .ARM.attributes
                0x00000000000002bc       0x2c /usr/local/Cellar/arm-none-eabi-gcc/10.3-2021.07/gcc/bin/../lib/gcc/arm-none-eabi/10.3.1/thumb/v6-m/nofp/crtend.o
 .ARM.attributes
                0x00000000000002e8       0x1e /usr/local/Cellar/arm-none-eabi-gcc/10.3-2021.07/gcc/bin/../lib/gcc/arm-none-eabi/10.3.1/thumb/v6-m/nofp/crtn.o

.comment        0x0000000000000000       0x49
 .comment       0x0000000000000000       0x49 _build/nrf51822_xxaa_app_error.c.o
                                         0x4a (size before relaxing)
 .comment       0x0000000000000049       0x4a _build/nrf51822_xxaa_app_error_weak.c.o
 .comment       0x0000000000000049       0x4a _build/nrf51822_xxaa_boards.c.o
 .comment       0x0000000000000049       0x4a _build/nrf51822_xxaa_nrf_drv_uart.c.o
 .comment       0x0000000000000049       0x4a _build/nrf51822_xxaa_main.c.o
 .comment       0x0000000000000049       0x4a _build/nrf51822_xxaa_nrf_esb.c.o
 .comment       0x0000000000000049       0x4a _build/nrf51822_xxaa_system_nrf51.c.o

.debug_frame    0x0000000000000000      0x7b4
 .debug_frame   0x0000000000000000       0x28 /usr/local/Cellar/arm-none-eabi-gcc/10.3-2021.07/gcc/bin/../lib/gcc/arm-none-eabi/10.3.1/../../../../arm-none-eabi/lib/thumb/v6-m/nofp/libc_nano.a(lib_a-exit.o)
 .debug_frame   0x0000000000000028       0x2c /usr/local/Cellar/arm-none-eabi-gcc/10.3-2021.07/gcc/bin/../lib/gcc/arm-none-eabi/10.3.1/../../../../arm-none-eabi/lib/thumb/v6-m/nofp/libc_nano.a(lib_a-init.o)
 .debug_frame   0x0000000000000054       0x20 /usr/local/Cellar/arm-none-eabi-gcc/10.3-2021.07/gcc/bin/../lib/gcc/arm-none-eabi/10.3.1/../../../../arm-none-eabi/lib/thumb/v6-m/nofp/libc_nano.a(lib_a-memset.o)
 .debug_frame   0x0000000000000074       0x20 /usr/local/Cellar/arm-none-eabi-gcc/10.3-2021.07/gcc/bin/../lib/gcc/arm-none-eabi/10.3.1/../../../../arm-none-eabi/lib/thumb/v6-m/nofp/libnosys.a(_exit.o)
 .debug_frame   0x0000000000000094       0x5c _build/nrf51822_xxaa_app_error.c.o
 .debug_frame   0x00000000000000f0       0x20 _build/nrf51822_xxaa_app_error_weak.c.o
 .debug_frame   0x0000000000000110       0xe8 _build/nrf51822_xxaa_boards.c.o
 .debug_frame   0x00000000000001f8      0x14c _build/nrf51822_xxaa_nrf_drv_uart.c.o
 .debug_frame   0x0000000000000344       0xd4 _build/nrf51822_xxaa_main.c.o
 .debug_frame   0x0000000000000418      0x344 _build/nrf51822_xxaa_nrf_esb.c.o
 .debug_frame   0x000000000000075c       0x30 _build/nrf51822_xxaa_system_nrf51.c.o
 .debug_frame   0x000000000000078c       0x28 /usr/local/Cellar/arm-none-eabi-gcc/10.3-2021.07/gcc/bin/../lib/gcc/arm-none-eabi/10.3.1/../../../../arm-none-eabi/lib/thumb/v6-m/nofp/libc_nano.a(lib_a-memcpy-stub.o)

.debug_info     0x0000000000000000     0x8896
 .debug_info    0x0000000000000000      0x359 _build/nrf51822_xxaa_app_error.c.o
 .debug_info    0x0000000000000359      0x206 _build/nrf51822_xxaa_app_error_weak.c.o
 .debug_info    0x000000000000055f      0xd6b _build/nrf51822_xxaa_boards.c.o
 .debug_info    0x00000000000012ca     0x32ce _build/nrf51822_xxaa_nrf_drv_uart.c.o
 .debug_info    0x0000000000004598     0x1abe _build/nrf51822_xxaa_main.c.o
 .debug_info    0x0000000000006056     0x2645 _build/nrf51822_xxaa_nrf_esb.c.o
 .debug_info    0x000000000000869b      0x1fb _build/nrf51822_xxaa_system_nrf51.c.o

.debug_abbrev   0x0000000000000000     0x1380
 .debug_abbrev  0x0000000000000000      0x13b _build/nrf51822_xxaa_app_error.c.o
 .debug_abbrev  0x000000000000013b      0x11a _build/nrf51822_xxaa_app_error_weak.c.o
 .debug_abbrev  0x0000000000000255      0x2aa _build/nrf51822_xxaa_boards.c.o
 .debug_abbrev  0x00000000000004ff      0x409 _build/nrf51822_xxaa_nrf_drv_uart.c.o
 .debug_abbrev  0x0000000000000908      0x446 _build/nrf51822_xxaa_main.c.o
 .debug_abbrev  0x0000000000000d4e      0x50e _build/nrf51822_xxaa_nrf_esb.c.o
 .debug_abbrev  0x000000000000125c      0x124 _build/nrf51822_xxaa_system_nrf51.c.o

.debug_loc      0x0000000000000000     0x4a49
 .debug_loc     0x0000000000000000      0x158 _build/nrf51822_xxaa_app_error.c.o
 .debug_loc     0x0000000000000158       0x25 _build/nrf51822_xxaa_app_error_weak.c.o
 .debug_loc     0x000000000000017d      0xd7b _build/nrf51822_xxaa_boards.c.o
 .debug_loc     0x0000000000000ef8     0x1fe5 _build/nrf51822_xxaa_nrf_drv_uart.c.o
 .debug_loc     0x0000000000002edd      0x98f _build/nrf51822_xxaa_main.c.o
 .debug_loc     0x000000000000386c     0x11dd _build/nrf51822_xxaa_nrf_esb.c.o

.debug_aranges  0x0000000000000000      0x2d8
 .debug_aranges
                0x0000000000000000       0x30 _build/nrf51822_xxaa_app_error.c.o
 .debug_aranges
                0x0000000000000030       0x20 _build/nrf51822_xxaa_app_error_weak.c.o
 .debug_aranges
                0x0000000000000050       0x80 _build/nrf51822_xxaa_boards.c.o
 .debug_aranges
                0x00000000000000d0       0x70 _build/nrf51822_xxaa_nrf_drv_uart.c.o
 .debug_aranges
                0x0000000000000140       0x58 _build/nrf51822_xxaa_main.c.o
 .debug_aranges
                0x0000000000000198      0x118 _build/nrf51822_xxaa_nrf_esb.c.o
 .debug_aranges
                0x00000000000002b0       0x28 _build/nrf51822_xxaa_system_nrf51.c.o

.debug_ranges   0x0000000000000000     0x1cf0
 .debug_ranges  0x0000000000000000       0x20 _build/nrf51822_xxaa_app_error.c.o
 .debug_ranges  0x0000000000000020       0x10 _build/nrf51822_xxaa_app_error_weak.c.o
 .debug_ranges  0x0000000000000030      0x7f8 _build/nrf51822_xxaa_boards.c.o
 .debug_ranges  0x0000000000000828      0x960 _build/nrf51822_xxaa_nrf_drv_uart.c.o
 .debug_ranges  0x0000000000001188      0x448 _build/nrf51822_xxaa_main.c.o
 .debug_ranges  0x00000000000015d0      0x6b8 _build/nrf51822_xxaa_nrf_esb.c.o
 .debug_ranges  0x0000000000001c88       0x68 _build/nrf51822_xxaa_system_nrf51.c.o

.debug_macro    0x0000000000000000     0x2402
 .debug_macro   0x0000000000000000      0x284 _build/nrf51822_xxaa_app_error.c.o
 .debug_macro   0x0000000000000284       0x34 _build/nrf51822_xxaa_app_error.c.o
 .debug_macro   0x00000000000002b8       0x22 _build/nrf51822_xxaa_app_error.c.o
 .debug_macro   0x00000000000002da       0x16 _build/nrf51822_xxaa_app_error.c.o
 .debug_macro   0x00000000000002f0       0x97 _build/nrf51822_xxaa_app_error.c.o
 .debug_macro   0x0000000000000387       0xf6 _build/nrf51822_xxaa_app_error.c.o
 .debug_macro   0x000000000000047d       0x10 _build/nrf51822_xxaa_app_error.c.o
 .debug_macro   0x000000000000048d       0xbe _build/nrf51822_xxaa_app_error.c.o
 .debug_macro   0x000000000000054b       0x16 _build/nrf51822_xxaa_app_error.c.o
 .debug_macro   0x0000000000000561      0x129 _build/nrf51822_xxaa_app_error.c.o
 .debug_macro   0x000000000000068a       0x2b _build/nrf51822_xxaa_app_error.c.o
 .debug_macro   0x00000000000006b5       0x22 _build/nrf51822_xxaa_app_error.c.o
 .debug_macro   0x00000000000006d7       0x16 _build/nrf51822_xxaa_app_error.c.o
 .debug_macro   0x00000000000006ed      0x39b _build/nrf51822_xxaa_app_error.c.o
 .debug_macro   0x0000000000000a88      0x170 _build/nrf51822_xxaa_app_error.c.o
 .debug_macro   0x0000000000000bf8       0x5a _build/nrf51822_xxaa_app_error.c.o
 .debug_macro   0x0000000000000c52       0x28 _build/nrf51822_xxaa_app_error.c.o
 .debug_macro   0x0000000000000c7a       0x22 _build/nrf51822_xxaa_app_error.c.o
 .debug_macro   0x0000000000000c9c      0x284 _build/nrf51822_xxaa_app_error_weak.c.o
 .debug_macro   0x0000000000000f20       0x1c _build/nrf51822_xxaa_app_error_weak.c.o
 .debug_macro   0x0000000000000f3c      0x27b _build/nrf51822_xxaa_boards.c.o
 .debug_macro   0x00000000000011b7      0x168 _build/nrf51822_xxaa_boards.c.o
 .debug_macro   0x000000000000131f       0x16 _build/nrf51822_xxaa_boards.c.o
 .debug_macro   0x0000000000001335       0x22 _build/nrf51822_xxaa_boards.c.o
 .debug_macro   0x0000000000001357       0x16 _build/nrf51822_xxaa_boards.c.o
 .debug_macro   0x000000000000136d      0x246 _build/nrf51822_xxaa_boards.c.o
 .debug_macro   0x00000000000015b3      0x115 _build/nrf51822_xxaa_boards.c.o
 .debug_macro   0x00000000000016c8      0x348 _build/nrf51822_xxaa_nrf_drv_uart.c.o
 .debug_macro   0x0000000000001a10       0x10 _build/nrf51822_xxaa_nrf_drv_uart.c.o
 .debug_macro   0x0000000000001a20       0x36 _build/nrf51822_xxaa_nrf_drv_uart.c.o
 .debug_macro   0x0000000000001a56       0x28 _build/nrf51822_xxaa_nrf_drv_uart.c.o
 .debug_macro   0x0000000000001a7e       0x16 _build/nrf51822_xxaa_nrf_drv_uart.c.o
 .debug_macro   0x0000000000001a94      0x2f8 _build/nrf51822_xxaa_main.c.o
 .debug_macro   0x0000000000001d8c       0xa8 _build/nrf51822_xxaa_main.c.o
 .debug_macro   0x0000000000001e34       0x16 _build/nrf51822_xxaa_main.c.o
 .debug_macro   0x0000000000001e4a       0x10 _build/nrf51822_xxaa_main.c.o
 .debug_macro   0x0000000000001e5a      0x353 _build/nrf51822_xxaa_nrf_esb.c.o
 .debug_macro   0x00000000000021ad      0x176 _build/nrf51822_xxaa_nrf_esb.c.o
 .debug_macro   0x0000000000002323       0xdf _build/nrf51822_xxaa_system_nrf51.c.o

.debug_line     0x0000000000000000     0x737d
 .debug_line    0x0000000000000000      0x69f _build/nrf51822_xxaa_app_error.c.o
 .debug_line    0x000000000000069f      0x5be _build/nrf51822_xxaa_app_error_weak.c.o
 .debug_line    0x0000000000000c5d      0xeea _build/nrf51822_xxaa_boards.c.o
 .debug_line    0x0000000000001b47     0x1a68 _build/nrf51822_xxaa_nrf_drv_uart.c.o
 .debug_line    0x00000000000035af     0x1038 _build/nrf51822_xxaa_main.c.o
 .debug_line    0x00000000000045e7     0x2967 _build/nrf51822_xxaa_nrf_esb.c.o
 .debug_line    0x0000000000006f4e      0x42f _build/nrf51822_xxaa_system_nrf51.c.o

.debug_str      0x0000000000000000    0x382bf
 .debug_str     0x0000000000000000    0x337bf _build/nrf51822_xxaa_app_error.c.o
                                      0x339d2 (size before relaxing)
 .debug_str     0x00000000000337bf       0xa5 _build/nrf51822_xxaa_app_error_weak.c.o
                                      0x3391f (size before relaxing)
 .debug_str     0x0000000000033864     0x186f _build/nrf51822_xxaa_boards.c.o
                                      0x304b4 (size before relaxing)
 .debug_str     0x00000000000350d3     0x14b4 _build/nrf51822_xxaa_nrf_drv_uart.c.o
                                      0x355b8 (size before relaxing)
 .debug_str     0x0000000000036587      0xf3b _build/nrf51822_xxaa_main.c.o
                                      0x34740 (size before relaxing)
 .debug_str     0x00000000000374c2      0xce6 _build/nrf51822_xxaa_nrf_esb.c.o
                                      0x3570d (size before relaxing)
 .debug_str     0x00000000000381a8      0x117 _build/nrf51822_xxaa_system_nrf51.c.o
                                      0x2a6fd (size before relaxing)
